Microchip MPLAB XC8 Compiler V2.05 ()

Linker command line:

-W-3 --edf=C:\Program Files (x86)\Microchip\xc8\v2.05\pic\dat\en_msgs.txt \
  -cs -h+dist/default/production\TC74_BCD.X.production.sym \
  --cmf=dist/default/production\TC74_BCD.X.production.cmf -z -Q18F14K50 \
  -oC:\Users\metri\AppData\Local\Temp\sfto.2 --defsym=__MPLAB_BUILD=1 \
  -Mdist/default/production/TC74_BCD.X.production.map -E1 -ver=XC8 \
  --acfsm=1493 -ASTACK=060h-02FFh -pstack=STACK -ACODE=00h-03FFFh \
  -ACONST=00h-03FFFh -ASMALLCONST=0300h-03FFhx61 -AMEDIUMCONST=0300h-03FFFh \
  -ACOMRAM=01h-05Fh -AABS1=00h-02FFh -ABIGRAM=01h-02FFh \
  -ARAM=060h-0FFh,0100h-01FFhx2 -ABANK0=060h-0FFh -ABANK1=0100h-01FFh \
  -ABANK2=0200h-02FFh -ASFR=0F53h-0F5Fh,0F60h-0FFFh \
  -preset_vec=00h,intcode,intcodelo,powerup,init -pramtop=0300h \
  -psmallconst=SMALLCONST -pmediumconst=MEDIUMCONST -pconst=CONST \
  -AFARRAM=00h-00h -ACONFIG=0300000h-030000Dh -pconfig=CONFIG \
  -AIDLOC=0200000h-0200007h -pidloc=IDLOC -AEEDATA=0F00000h-0F000FFh \
  -peeprom_data=EEDATA \
  -prdata=COMRAM,nvrram=COMRAM,nvbit=COMRAM,rbss=COMRAM,rbit=COMRAM \
  -pfarbss=FARRAM,fardata=FARRAM,nvFARRAM=FARRAM \
  -pintsave_regs=BIGRAM,bigbss=BIGRAM,bigdata=BIGRAM -pbss=RAM \
  -pidata=CODE,irdata=CODE,ibigdata=CODE,ifardata=CODE -prparam=COMRAM \
  C:\Users\metri\AppData\Local\Temp\sfto.o \
  dist/default/production\TC74_BCD.X.production.o 

Object code version is 3.11

Machine type is 18F14K50

Call graph: (short form)




                Name                               Link     Load   Length Selector   Space Scale
C:\Users\metri\AppData\Local\Temp\sfto.o
                init                                  0        0        4        0       0
                idloc                            200000   200000        8   200000       0
                config                           300000   300000        E   300000       0
dist/default/production\TC74_BCD.X.production.o
                text12                             3A8C     3A8C       38     1D46       0
                text11                             3BE4     3BE4       84     1DF2       0
                text10                             3B02     3B02       70     1D81       0
                text9                              3A66     3A66       26     1D33       0
                text8                              3B72     3B72       72     1DB9       0
                text7                              3A32     3A32       12     1D19       0
                text6                              3A44     3A44       22     1D22       0
                text5                              3A0A     3A0A        8     1D05       0
                text4                              3A12     3A12        8     1D09       0
                text3                              3A1A     3A1A        A     1D0D       0
                text2                              3AC4     3AC4       3E     1D62       0
                text1                              3D4C     3D4C      2B4     1EA6       0
                text0                              3C68     3C68       E4     1E34       0
                cstackCOMRAM                          1        1       18        1       1
                bssCOMRAM                            19       19        2        1       1
                cinit                              3A24     3A24        E     1D12       0

TOTAL           Name                               Link     Load   Length     Space
        CLASS   STACK          

        CLASS   CODE           
                init                                  0        0        4         0
                text12                             3A8C     3A8C       38         0
                text11                             3BE4     3BE4       84         0
                text10                             3B02     3B02       70         0
                text9                              3A66     3A66       26         0
                text8                              3B72     3B72       72         0
                text7                              3A32     3A32       12         0
                text6                              3A44     3A44       22         0
                text5                              3A0A     3A0A        8         0
                text4                              3A12     3A12        8         0
                text3                              3A1A     3A1A        A         0
                text2                              3AC4     3AC4       3E         0
                text1                              3D4C     3D4C      2B4         0
                text0                              3C68     3C68       E4         0
                cinit                              3A24     3A24        E         0

        CLASS   CONST          

        CLASS   SMALLCONST     

        CLASS   MEDIUMCONST    

        CLASS   COMRAM         
                cstackCOMRAM                          1        1       18         1
                bssCOMRAM                            19       19        2         1

        CLASS   ABS1           

        CLASS   BIGRAM         

        CLASS   RAM            

        CLASS   BANK0          

        CLASS   BANK1          

        CLASS   BANK2          

        CLASS   SFR            

        CLASS   FARRAM         

        CLASS   CONFIG         
                config                           300000   300000        E         0

        CLASS   IDLOC          
                idloc                            200000   200000        8         0

        CLASS   EEDATA         



SEGMENTS        Name                           Load    Length   Top    Selector   Space  Class

                reset_vec                      000000  000004  000004         0       0  CODE    
                cstackCOMRAM                   000001  00001A  00001B         1       1  COMRAM  
                text5                          003A0A  000008  003A12      1D05       0  CODE    
                text4                          003A12  000008  003A1A      1D09       0  CODE    
                text3                          003A1A  00000A  003A24      1D0D       0  CODE    
                cinit                          003A24  00000E  003A32      1D12       0  CODE    
                text7                          003A32  000012  003A44      1D19       0  CODE    
                text6                          003A44  000022  003A66      1D22       0  CODE    
                text9                          003A66  000026  003A8C      1D33       0  CODE    
                text12                         003A8C  000038  003AC4      1D46       0  CODE    
                text2                          003AC4  00003E  003B02      1D62       0  CODE    
                text10                         003B02  000070  003B72      1D81       0  CODE    
                text8                          003B72  000072  003BE4      1DB9       0  CODE    
                text11                         003BE4  000084  003C68      1DF2       0  CODE    
                text0                          003C68  0000E4  003D4C      1E34       0  CODE    
                text1                          003D4C  0002B4  004000      1EA6       0  CODE    
                idloc                          200000  000008  200008    200000       0  IDLOC   
                config                         300000  00000E  30000E    300000       0  CONFIG  


UNUSED ADDRESS RANGES

        Name                Unused          Largest block    Delta
        BANK0            000060-0000FF               A0
        BANK1            000100-0001FF              100
        BANK2            000200-0002FF              100
        BIGRAM           00001B-0002FF              2E5
        CODE             000004-003A09             3A06
        COMRAM           00001B-00005F               45
        CONST            000004-003A09             3A06
        EEDATA           F00000-F000FF              100
        MEDIUMCONST      000300-003A09             370A
        RAM              000060-0002FF              100
        SFR              000F53-000FFF                D
        SMALLCONST       000300-003A09              100
        STACK            000060-0002FF              2A0

                                  Symbol Table

?___awdiv                cstackCOMRAM 000007
?___awmod                cstackCOMRAM 000001
?___wmul                 cstackCOMRAM 000001
?_read_byte              cstackCOMRAM 000002
_ACKDT                   (abs)        007E2D
_ACKEN                   (abs)        007E2C
_I2C_wait                text7        003A32
_Initialize              text12       003A8C
_LATCbits                (abs)        000F8B
_OSCCON                  (abs)        000FD3
_PEN                     (abs)        007E2A
_RCEN                    (abs)        007E2B
_SEN                     (abs)        007E28
_SSPADD                  (abs)        000FC8
_SSPBUF                  (abs)        000FC9
_SSPCON1                 (abs)        000FC6
_SSPCON2                 (abs)        000FC5
_SSPSTAT                 (abs)        000FC7
_TRISCbits               (abs)        000F94
__CFG_BBSIZ$ON           (abs)        000000
__CFG_BOREN$SBORDIS      (abs)        000000
__CFG_BORV$30            (abs)        000000
__CFG_CP0$OFF            (abs)        000000
__CFG_CP1$OFF            (abs)        000000
__CFG_CPB$OFF            (abs)        000000
__CFG_CPD$OFF            (abs)        000000
__CFG_CPUDIV$NOCLKDIV    (abs)        000000
__CFG_EBTR0$OFF          (abs)        000000
__CFG_EBTR1$OFF          (abs)        000000
__CFG_EBTRB$OFF          (abs)        000000
__CFG_FCMEN$OFF          (abs)        000000
__CFG_FOSC$IRC           (abs)        000000
__CFG_HFOFST$OFF         (abs)        000000
__CFG_IESO$OFF           (abs)        000000
__CFG_LVP$OFF            (abs)        000000
__CFG_MCLRE$ON           (abs)        000000
__CFG_PCLKEN$ON          (abs)        000000
__CFG_PLLEN$OFF          (abs)        000000
__CFG_PWRTEN$ON          (abs)        000000
__CFG_STVREN$ON          (abs)        000000
__CFG_USBDIV$OFF         (abs)        000000
__CFG_WDTEN$OFF          (abs)        000000
__CFG_WDTPS$32768        (abs)        000000
__CFG_WRT0$OFF           (abs)        000000
__CFG_WRT1$OFF           (abs)        000000
__CFG_WRTB$OFF           (abs)        000000
__CFG_WRTC$OFF           (abs)        000000
__CFG_WRTD$OFF           (abs)        000000
__CFG_XINST$OFF          (abs)        000000
__HRAM                   (abs)        000000
__Habs1                  abs1         000000
__Hbank0                 bank0        000000
__Hbank1                 bank1        000000
__Hbank2                 bank2        000000
__Hbigbss                bigbss       000000
__Hbigdata               bigdata      000000
__Hbigram                bigram       000000
__Hbss                   bss          000000
__HbssCOMRAM             bssCOMRAM    000000
__Hcinit                 cinit        000000
__Hclrtext               clrtext      000000
__Hcomram                comram       000000
__Hconfig                config       30000E
__Hconst                 const        000000
__HcstackCOMRAM          cstackCOMRAM 000000
__Hdata                  data         000000
__Heeprom_data           eeprom_data  000000
__Hfarbss                farbss       000000
__Hfardata               fardata      000000
__Hibigdata              ibigdata     000000
__Hidata                 idata        000000
__Hidloc                 idloc        200008
__Hifardata              ifardata     000000
__Hinit                  init         000004
__Hintcode               intcode      000000
__Hintcode_body          intcode_body 000000
__Hintcodelo             intcodelo    000000
__Hintentry              intentry     000000
__Hintret                intret       000000
__Hintsave_regs          intsave_regs 000000
__Hirdata                irdata       000000
__Hmediumconst           mediumconst  000000
__HnvFARRAM              nvFARRAM     000000
__Hnvbit                 nvbit        000000
__Hnvrram                nvrram       000000
__Hparam                 rparam       000000
__Hpowerup               powerup      000000
__Hram                   ram          000000
__Hramtop                ramtop       000300
__Hrbit                  rbit         000000
__Hrbss                  rbss         000000
__Hrdata                 rdata        000000
__Hreset_vec             reset_vec    000000
__Hrparam                rparam       000000
__Hsfr                   sfr          000000
__Hsmallconst            smallconst   000000
__Hspace_0               (abs)        30000E
__Hspace_1               (abs)        00001B
__Hspace_2               (abs)        000000
__Hstack                 stack        000000
__Hstruct                struct       000000
__Htemp                  temp         000000
__Htext                  text         000000
__Htext0                 text0        000000
__Htext1                 text1        000000
__Htext10                text10       000000
__Htext11                text11       000000
__Htext12                text12       000000
__Htext2                 text2        000000
__Htext3                 text3        000000
__Htext4                 text4        000000
__Htext5                 text5        000000
__Htext6                 text6        000000
__Htext7                 text7        000000
__Htext8                 text8        000000
__Htext9                 text9        000000
__LRAM                   (abs)        000001
__Labs1                  abs1         000000
__Lbank0                 bank0        000000
__Lbank1                 bank1        000000
__Lbank2                 bank2        000000
__Lbigbss                bigbss       000000
__Lbigdata               bigdata      000000
__Lbigram                bigram       000000
__Lbss                   bss          000000
__LbssCOMRAM             bssCOMRAM    000000
__Lcinit                 cinit        000000
__Lclrtext               clrtext      000000
__Lcomram                comram       000000
__Lconfig                config       300000
__Lconst                 const        000000
__LcstackCOMRAM          cstackCOMRAM 000000
__Ldata                  data         000000
__Leeprom_data           eeprom_data  000000
__Lfarbss                farbss       000000
__Lfardata               fardata      000000
__Libigdata              ibigdata     000000
__Lidata                 idata        000000
__Lidloc                 idloc        200000
__Lifardata              ifardata     000000
__Linit                  init         000000
__Lintcode               intcode      000000
__Lintcode_body          intcode_body 000000
__Lintcodelo             intcodelo    000000
__Lintentry              intentry     000000
__Lintret                intret       000000
__Lintsave_regs          intsave_regs 000000
__Lirdata                irdata       000000
__Lmediumconst           mediumconst  000000
__LnvFARRAM              nvFARRAM     000000
__Lnvbit                 nvbit        000000
__Lnvrram                nvrram       000000
__Lparam                 rparam       000000
__Lpowerup               powerup      000000
__Lram                   ram          000000
__Lramtop                ramtop       000300
__Lrbit                  rbit         000000
__Lrbss                  rbss         000000
__Lrdata                 rdata        000000
__Lreset_vec             reset_vec    000000
__Lrparam                rparam       000000
__Lsfr                   sfr          000000
__Lsmallconst            smallconst   000000
__Lspace_0               (abs)        000000
__Lspace_1               (abs)        000000
__Lspace_2               (abs)        000000
__Lstack                 stack        000000
__Lstruct                struct       000000
__Ltemp                  temp         000000
__Ltext                  text         000000
__Ltext0                 text0        000000
__Ltext1                 text1        000000
__Ltext10                text10       000000
__Ltext11                text11       000000
__Ltext12                text12       000000
__Ltext2                 text2        000000
__Ltext3                 text3        000000
__Ltext4                 text4        000000
__Ltext5                 text5        000000
__Ltext6                 text6        000000
__Ltext7                 text7        000000
__Ltext8                 text8        000000
__Ltext9                 text9        000000
__S0                     (abs)        30000E
__S1                     (abs)        00001B
__S2                     (abs)        000000
___awdiv                 text11       003BE4
___awdiv@counter         cstackCOMRAM 00000B
___awdiv@dividend        cstackCOMRAM 000007
___awdiv@divisor         cstackCOMRAM 000009
___awdiv@quotient        cstackCOMRAM 00000D
___awdiv@sign            cstackCOMRAM 00000C
___awmod                 text10       003B02
___awmod@counter         cstackCOMRAM 000005
___awmod@dividend        cstackCOMRAM 000001
___awmod@divisor         cstackCOMRAM 000003
___awmod@sign            cstackCOMRAM 000006
___inthi_sp              stack        000000
___intlo_sp              stack        000000
___param_bank            (abs)        000000
___rparam_used           (abs)        000001
___sp                    stack        000000
___wmul                  text9        003A66
___wmul@multiplicand     cstackCOMRAM 000003
___wmul@multiplier       cstackCOMRAM 000001
___wmul@product          cstackCOMRAM 000005
__accesstop              (abs)        000060
__activetblptr           (abs)        000002
__end_of_I2C_wait        text7        003A44
__end_of_Initialize      text12       003AC4
__end_of___awdiv         text11       003C68
__end_of___awmod         text10       003B72
__end_of___wmul          text9        003A8C
__end_of__initialization cinit        003A28
__end_of_encode_Temp     text8        003BE4
__end_of_get_Temp        text2        003B02
__end_of_main            text0        003D4C
__end_of_read_byte       text6        003A66
__end_of_shift_Temp      text1        004000
__end_of_start_bit       text5        003A12
__end_of_stop_bit        text4        003A1A
__end_of_write_byte      text3        003A24
__initialization         cinit        003A24
__mediumconst            mediumconst  000000
__pbssCOMRAM             bssCOMRAM    000019
__pcinit                 cinit        003A24
__pcstackCOMRAM          cstackCOMRAM 000001
__ptext0                 text0        003C68
__ptext1                 text1        003D4C
__ptext10                text10       003B02
__ptext11                text11       003BE4
__ptext12                text12       003A8C
__ptext2                 text2        003AC4
__ptext3                 text3        003A1A
__ptext4                 text4        003A12
__ptext5                 text5        003A0A
__ptext6                 text6        003A44
__ptext7                 text7        003A32
__ptext8                 text8        003B72
__ptext9                 text9        003A66
__ramtop                 ramtop       000300
__size_of_I2C_wait       (abs)        000000
__size_of_Initialize     (abs)        000000
__size_of___awdiv        (abs)        000000
__size_of___awmod        (abs)        000000
__size_of___wmul         (abs)        000000
__size_of_encode_Temp    (abs)        000000
__size_of_get_Temp       (abs)        000000
__size_of_main           (abs)        000000
__size_of_read_byte      (abs)        000000
__size_of_shift_Temp     (abs)        000000
__size_of_start_bit      (abs)        000000
__size_of_stop_bit       (abs)        000000
__size_of_write_byte     (abs)        000000
__smallconst             smallconst   000000
_encode_Temp             text8        003B72
_get_Temp                text2        003AC4
_main                    text0        003C68
_read_byte               text6        003A44
_shift_Temp              text1        003D4C
_start_bit               text5        003A0A
_stop_bit                text4        003A12
_temp                    bssCOMRAM    000019
_write_byte              text3        003A1A
encode_Temp@sequence     cstackCOMRAM 000005
encode_Temp@x            cstackCOMRAM 000001
end_of_initialization    cinit        003A28
intlevel0                text         000000
intlevel1                text         000000
intlevel2                text         000000
intlevel3                text         000000
main@BCD1                cstackCOMRAM 000015
main@BCD2                cstackCOMRAM 000016
main@ones                cstackCOMRAM 000013
main@temp_f              cstackCOMRAM 000017
main@tens                cstackCOMRAM 000011
read_byte@x              cstackCOMRAM 000004
shift_Temp@SIPO          cstackCOMRAM 000003
shift_Temp@number        cstackCOMRAM 000001
stackhi                  (abs)        0002FF
stacklo                  (abs)        000060
start                    init         000000
start_initialization     cinit        003A24
write_byte@x             cstackCOMRAM 000002


FUNCTION INFORMATION:

 *************** function _main *****************
 Defined at:
		line 89 in file "TC74_BCD.c"
 Parameters:    Size  Location     Type
		None
 Auto vars:     Size  Location     Type
  SIPO            2    0        int 
  temp_f          2   22[COMRAM] int 
  ones            2   18[COMRAM] int 
  tens            2   16[COMRAM] int 
  BCD2            1   21[COMRAM] unsigned char 
  BCD1            1   20[COMRAM] unsigned char 
 Return value:  Size  Location     Type
                  1    wreg      void 
 Registers used:
		wreg, status,2, status,0, prodl, prodh, cstack
 Tracked objects:
		On entry : 
		On exit  : 
		Unchanged: 
 Data sizes:     COMRAM   BANK0   BANK1   BANK2
      Params:         0       0       0       0
      Locals:        10       0       0       0
      Temps:          2       0       0       0
      Totals:        12       0       0       0
Total ram usage:       12 bytes
 Hardware stack levels required when called:    3
 This function calls:
		_Initialize
		___awdiv
		___awmod
		___wmul
		_encode_Temp
		_get_Temp
		_shift_Temp
 This function is called by:
		Startup code after reset
 This function uses a non-reentrant model


 *************** function _shift_Temp *****************
 Defined at:
		line 207 in file "TC74_BCD.c"
 Parameters:    Size  Location     Type
  number          2    0[COMRAM] unsigned int 
  SIPO            2    2[COMRAM] int 
 Auto vars:     Size  Location     Type
		None
 Return value:  Size  Location     Type
                  1    wreg      void 
 Registers used:
		wreg, status,2, status,0
 Tracked objects:
		On entry : 
		On exit  : 
		Unchanged: 
 Data sizes:     COMRAM   BANK0   BANK1   BANK2
      Params:         4       0       0       0
      Locals:         0       0       0       0
      Temps:          3       0       0       0
      Totals:         7       0       0       0
Total ram usage:        7 bytes
 Hardware stack levels used:    1
 This function calls:
		Nothing
 This function is called by:
		_main
 This function uses a non-reentrant model


 *************** function _get_Temp *****************
 Defined at:
		line 161 in file "TC74_BCD.c"
 Parameters:    Size  Location     Type
		None
 Auto vars:     Size  Location     Type
		None
 Return value:  Size  Location     Type
                  1    wreg      void 
 Registers used:
		wreg, status,2, status,0, cstack
 Tracked objects:
		On entry : 
		On exit  : 
		Unchanged: 
 Data sizes:     COMRAM   BANK0   BANK1   BANK2
      Params:         0       0       0       0
      Locals:         0       0       0       0
      Temps:          0       0       0       0
      Totals:         0       0       0       0
Total ram usage:        0 bytes
 Hardware stack levels used:    1
 Hardware stack levels required when called:    2
 This function calls:
		_read_byte
		_start_bit
		_stop_bit
		_write_byte
 This function is called by:
		_main
 This function uses a non-reentrant model


 *************** function _write_byte *****************
 Defined at:
		line 138 in file "TC74_BCD.c"
 Parameters:    Size  Location     Type
  x               2    1[COMRAM] unsigned int 
 Auto vars:     Size  Location     Type
		None
 Return value:  Size  Location     Type
                  1    wreg      void 
 Registers used:
		wreg, status,2, status,0, cstack
 Tracked objects:
		On entry : 
		On exit  : 
		Unchanged: 
 Data sizes:     COMRAM   BANK0   BANK1   BANK2
      Params:         2       0       0       0
      Locals:         0       0       0       0
      Temps:          0       0       0       0
      Totals:         2       0       0       0
Total ram usage:        2 bytes
 Hardware stack levels used:    1
 Hardware stack levels required when called:    1
 This function calls:
		_I2C_wait
 This function is called by:
		_get_Temp
 This function uses a non-reentrant model


 *************** function _stop_bit *****************
 Defined at:
		line 132 in file "TC74_BCD.c"
 Parameters:    Size  Location     Type
		None
 Auto vars:     Size  Location     Type
		None
 Return value:  Size  Location     Type
                  1    wreg      void 
 Registers used:
		wreg, status,2, status,0, cstack
 Tracked objects:
		On entry : 
		On exit  : 
		Unchanged: 
 Data sizes:     COMRAM   BANK0   BANK1   BANK2
      Params:         0       0       0       0
      Locals:         0       0       0       0
      Temps:          0       0       0       0
      Totals:         0       0       0       0
Total ram usage:        0 bytes
 Hardware stack levels used:    1
 Hardware stack levels required when called:    1
 This function calls:
		_I2C_wait
 This function is called by:
		_get_Temp
 This function uses a non-reentrant model


 *************** function _start_bit *****************
 Defined at:
		line 126 in file "TC74_BCD.c"
 Parameters:    Size  Location     Type
		None
 Auto vars:     Size  Location     Type
		None
 Return value:  Size  Location     Type
                  1    wreg      void 
 Registers used:
		wreg, status,2, status,0, cstack
 Tracked objects:
		On entry : 
		On exit  : 
		Unchanged: 
 Data sizes:     COMRAM   BANK0   BANK1   BANK2
      Params:         0       0       0       0
      Locals:         0       0       0       0
      Temps:          0       0       0       0
      Totals:         0       0       0       0
Total ram usage:        0 bytes
 Hardware stack levels used:    1
 Hardware stack levels required when called:    1
 This function calls:
		_I2C_wait
 This function is called by:
		_get_Temp
 This function uses a non-reentrant model


 *************** function _read_byte *****************
 Defined at:
		line 144 in file "TC74_BCD.c"
 Parameters:    Size  Location     Type
		None
 Auto vars:     Size  Location     Type
  x               2    3[COMRAM] int 
 Return value:  Size  Location     Type
                  2    1[COMRAM] int 
 Registers used:
		wreg, status,2, status,0, cstack
 Tracked objects:
		On entry : 
		On exit  : 
		Unchanged: 
 Data sizes:     COMRAM   BANK0   BANK1   BANK2
      Params:         2       0       0       0
      Locals:         2       0       0       0
      Temps:          0       0       0       0
      Totals:         4       0       0       0
Total ram usage:        4 bytes
 Hardware stack levels used:    1
 Hardware stack levels required when called:    1
 This function calls:
		_I2C_wait
 This function is called by:
		_get_Temp
 This function uses a non-reentrant model


 *************** function _I2C_wait *****************
 Defined at:
		line 157 in file "TC74_BCD.c"
 Parameters:    Size  Location     Type
		None
 Auto vars:     Size  Location     Type
		None
 Return value:  Size  Location     Type
                  1    wreg      void 
 Registers used:
		wreg, status,2, status,0
 Tracked objects:
		On entry : 
		On exit  : 
		Unchanged: 
 Data sizes:     COMRAM   BANK0   BANK1   BANK2
      Params:         0       0       0       0
      Locals:         0       0       0       0
      Temps:          1       0       0       0
      Totals:         1       0       0       0
Total ram usage:        1 bytes
 Hardware stack levels used:    1
 This function calls:
		Nothing
 This function is called by:
		_start_bit
		_stop_bit
		_write_byte
		_read_byte
 This function uses a non-reentrant model


 *************** function _encode_Temp *****************
 Defined at:
		line 171 in file "TC74_BCD.c"
 Parameters:    Size  Location     Type
  x               2    0[COMRAM] int 
 Auto vars:     Size  Location     Type
  sequence        1    4[COMRAM] unsigned char 
 Return value:  Size  Location     Type
                  1    wreg      unsigned char 
 Registers used:
		wreg, status,2, status,0
 Tracked objects:
		On entry : 
		On exit  : 
		Unchanged: 
 Data sizes:     COMRAM   BANK0   BANK1   BANK2
      Params:         2       0       0       0
      Locals:         1       0       0       0
      Temps:          2       0       0       0
      Totals:         5       0       0       0
Total ram usage:        5 bytes
 Hardware stack levels used:    1
 This function calls:
		Nothing
 This function is called by:
		_main
 This function uses a non-reentrant model


 *************** function ___wmul *****************
 Defined at:
		line 15 in file "C:\Program Files (x86)\Microchip\xc8\v2.05\pic\sources\c99\common\Umul16.c"
 Parameters:    Size  Location     Type
  multiplier      2    0[COMRAM] unsigned int 
  multiplicand    2    2[COMRAM] unsigned int 
 Auto vars:     Size  Location     Type
  product         2    4[COMRAM] unsigned int 
 Return value:  Size  Location     Type
                  2    0[COMRAM] unsigned int 
 Registers used:
		wreg, status,2, status,0, prodl, prodh
 Tracked objects:
		On entry : 
		On exit  : 
		Unchanged: 
 Data sizes:     COMRAM   BANK0   BANK1   BANK2
      Params:         4       0       0       0
      Locals:         2       0       0       0
      Temps:          0       0       0       0
      Totals:         6       0       0       0
Total ram usage:        6 bytes
 Hardware stack levels used:    1
 This function calls:
		Nothing
 This function is called by:
		_main
 This function uses a non-reentrant model


 *************** function ___awmod *****************
 Defined at:
		line 7 in file "C:\Program Files (x86)\Microchip\xc8\v2.05\pic\sources\c99\common\awmod.c"
 Parameters:    Size  Location     Type
  dividend        2    0[COMRAM] int 
  divisor         2    2[COMRAM] int 
 Auto vars:     Size  Location     Type
  sign            1    5[COMRAM] unsigned char 
  counter         1    4[COMRAM] unsigned char 
 Return value:  Size  Location     Type
                  2    0[COMRAM] int 
 Registers used:
		wreg, status,2, status,0
 Tracked objects:
		On entry : 
		On exit  : 
		Unchanged: 
 Data sizes:     COMRAM   BANK0   BANK1   BANK2
      Params:         4       0       0       0
      Locals:         2       0       0       0
      Temps:          0       0       0       0
      Totals:         6       0       0       0
Total ram usage:        6 bytes
 Hardware stack levels used:    1
 This function calls:
		Nothing
 This function is called by:
		_main
 This function uses a non-reentrant model


 *************** function ___awdiv *****************
 Defined at:
		line 7 in file "C:\Program Files (x86)\Microchip\xc8\v2.05\pic\sources\c99\common\awdiv.c"
 Parameters:    Size  Location     Type
  dividend        2    6[COMRAM] int 
  divisor         2    8[COMRAM] int 
 Auto vars:     Size  Location     Type
  quotient        2   12[COMRAM] int 
  sign            1   11[COMRAM] unsigned char 
  counter         1   10[COMRAM] unsigned char 
 Return value:  Size  Location     Type
                  2    6[COMRAM] int 
 Registers used:
		wreg, status,2, status,0
 Tracked objects:
		On entry : 
		On exit  : 
		Unchanged: 
 Data sizes:     COMRAM   BANK0   BANK1   BANK2
      Params:         4       0       0       0
      Locals:         4       0       0       0
      Temps:          0       0       0       0
      Totals:         8       0       0       0
Total ram usage:        8 bytes
 Hardware stack levels used:    1
 This function calls:
		Nothing
 This function is called by:
		_main
 This function uses a non-reentrant model


 *************** function _Initialize *****************
 Defined at:
		line 107 in file "TC74_BCD.c"
 Parameters:    Size  Location     Type
		None
 Auto vars:     Size  Location     Type
		None
 Return value:  Size  Location     Type
                  1    wreg      void 
 Registers used:
		wreg, status,2
 Tracked objects:
		On entry : 
		On exit  : 
		Unchanged: 
 Data sizes:     COMRAM   BANK0   BANK1   BANK2
      Params:         0       0       0       0
      Locals:         0       0       0       0
      Temps:          1       0       0       0
      Totals:         1       0       0       0
Total ram usage:        1 bytes
 Hardware stack levels used:    1
 This function calls:
		Nothing
 This function is called by:
		_main
 This function uses a non-reentrant model



MODULE INFORMATION

Module		Function		Class		Link	Load	Size
C:\Program Files (x86)\Microchip\xc8\v2.05\pic\sources\c99\common\awmod.c
		___awmod       		CODE           	3B02	0000	113

C:\Program Files (x86)\Microchip\xc8\v2.05\pic\sources\c99\common\awmod.c estimated size: 113

C:\Program Files (x86)\Microchip\xc8\v2.05\pic\sources\c99\common\awdiv.c
		___awdiv       		CODE           	3BE4	0000	133

C:\Program Files (x86)\Microchip\xc8\v2.05\pic\sources\c99\common\awdiv.c estimated size: 133

shared
		__initialization		CODE           	3A24	0000	5

shared estimated size: 5

TC74_BCD.c
		_I2C_wait      		CODE           	3A32	0000	19
		_shift_Temp    		CODE           	3D4C	0000	693
		_main          		CODE           	3C68	0000	229
		_Initialize    		CODE           	3A8C	0000	57
		_stop_bit      		CODE           	3A12	0000	9
		_read_byte     		CODE           	3A44	0000	35
		_encode_Temp   		CODE           	3B72	0000	115
		_get_Temp      		CODE           	3AC4	0000	63
		_write_byte    		CODE           	3A1A	0000	11
		_start_bit     		CODE           	3A0A	0000	9

TC74_BCD.c estimated size: 1240

C:\Program Files (x86)\Microchip\xc8\v2.05\pic\sources\c99\common\Umul16.c
		___wmul        		CODE           	3A66	0000	39

C:\Program Files (x86)\Microchip\xc8\v2.05\pic\sources\c99\common\Umul16.c estimated size: 39

